user_id,event
1,play
2,pause
3,play
4,pause
5,play
6,pause
